
Running 2 tests using 1 worker

node.exe :   
[38;5;45;1mpw:api 
[0m=> 
browserType.launch 
started 
[38;5;45m+0ms[0m
At line:1 char:1
+ & "C:\Program 
Files\nodejs/node.exe" 
"C:\Program 
Files\nodejs/node_mo 
...
+ ~~~~~~~~~~~~~~~~~~~~~
~~~~~~~~~~~~~~~~~~~~~~~
~~~~~~~~~~~~~~~~~~~~~~~
~~
    + CategoryInfo     
         : NotSpecifi  
  ed: (  [38;5;45;1   
 mp...8;5;45m+0ms[    
0m:String) [], Rem    
oteException
    + FullyQualifiedEr 
   rorId : NativeComm  
  andError
 
  [38;5;45;1mpw:api 
[0m<= 
browserType.launch 
succeeded 
[38;5;45m+270ms[0m
  [38;5;45;1mpw:api 
[0m=> 
browser.newContext 
started 
[38;5;45m+9ms[0m
  [38;5;45;1mpw:api 
[0m<= 
browser.newContext 
succeeded 
[38;5;45m+15ms[0m
  [38;5;45;1mpw:api 
[0m=> 
browserContext.newPage 
started 
[38;5;45m+5ms[0m
  [38;5;45;1mpw:api 
[0m<= 
browserContext.newPage 
succeeded 
[38;5;45m+186ms[0m
  [38;5;45;1mpw:api 
[0m=> page.goto 
started 
[38;5;45m+5ms[0m
  [38;5;45;1mpw:api 
[0mnavigating to "http
://localhost:3000/login
", waiting until 
"load" 
[38;5;45m+1ms[0m
  [38;5;45;1mpw:api 
[0m  "commit" event 
fired 
[38;5;45m+91ms[0m
  [38;5;45;1mpw:api 
[0m  navigated to "htt
p://localhost:3000/logi
n" [38;5;45m+1ms[0m
  [38;5;45;1mpw:api 
[0m  
"domcontentloaded" 
event fired 
[38;5;45m+58ms[0m
  [38;5;45;1mpw:api 
[0m  "load" event 
fired 
[38;5;45m+320ms[0m
  [38;5;45;1mpw:api 
[0m<= page.goto 
succeeded 
[38;5;45m+1ms[0m
  [38;5;45;1mpw:api 
[0m=> page.fill 
started 
[38;5;45m+6ms[0m
  [38;5;45;1mpw:api 
[0mwaiting for locator
('input[type="email"]')
 [38;5;45m+1ms[0m
  [38;5;45;1mpw:api 
[0m  navigated to "htt
p://localhost:3000/logi
n" [38;5;45m+42ms[0m
  [38;5;45;1mpw:api 
[0m  locator resolved 
to <input value="" 
type="email" 
class="input-field" 
autocomplete="email" pl
aceholder="you@example.
com"/> 
[38;5;45m+4ms[0m
  [38;5;45;1mpw:api 
[0m  "networkidle" 
event fired 
[38;5;45m+436ms[0m
  [38;5;45;1mpw:api 
[0m  fill("admin@testo
rg.com") 
[38;5;45m+572ms[0m
  [38;5;45;1mpw:api 
[0mattempting fill 
action 
[38;5;45m+1ms[0m
  [38;5;45;1mpw:api 
[0m  waiting for 
element to be visible, 
enabled and editable 
[38;5;45m+0ms[0m
  [38;5;45;1mpw:api 
[0m<= page.fill 
succeeded 
[38;5;45m+51ms[0m
  [38;5;45;1mpw:api 
[0m=> page.fill 
started 
[38;5;45m+3ms[0m
  [38;5;45;1mpw:api 
[0mwaiting for locator
('input[type="password"
]') [38;5;45m+2ms[0m
  [38;5;45;1mpw:api 
[0m  locator resolved 
to <input value="" 
type="password" 
class="input-field" pla
ceholder="ΓÇóΓÇóΓÇóΓÇóΓ
ÇóΓÇóΓÇóΓÇó" autocomple
te="current-password"/>
 [38;5;45m+15ms[0m
  [38;5;45;1mpw:api 
[0m  
fill("password123") 
[38;5;45m+10ms[0m
  [38;5;45;1mpw:api 
[0mattempting fill 
action 
[38;5;45m+0ms[0m
  [38;5;45;1mpw:api 
[0m  waiting for 
element to be visible, 
enabled and editable 
[38;5;45m+0ms[0m
  [38;5;45;1mpw:api 
[0m<= page.fill 
succeeded 
[38;5;45m+118ms[0m
  [38;5;45;1mpw:api 
[0m=> page.click 
started 
[38;5;45m+3ms[0m
  [38;5;45;1mpw:api 
[0mwaiting for locator
('button[type="submit"]
') [38;5;45m+2ms[0m
  [38;5;45;1mpw:api 
[0m  locator resolved 
to <button 
type="submit" class="st
ar-border-container">ΓÇ
ª</button> 
[38;5;45m+20ms[0m
  [38;5;45;1mpw:api 
[0mattempting click 
action 
[38;5;45m+5ms[0m
  [38;5;45;1mpw:api 
[0m  waiting for 
element to be visible, 
enabled and stable 
[38;5;45m+1ms[0m
  [38;5;45;1mpw:api 
[0m  element is 
visible, enabled and 
stable 
[38;5;45m+29ms[0m
  [38;5;45;1mpw:api 
[0m  scrolling into 
view if needed 
[38;5;45m+0ms[0m
  [38;5;45;1mpw:api 
[0m  done scrolling 
[38;5;45m+6ms[0m
  [38;5;45;1mpw:api 
[0m  performing click 
action 
[38;5;45m+20ms[0m
  [38;5;45;1mpw:api 
[0m  click action 
done 
[38;5;45m+86ms[0m
  [38;5;45;1mpw:api 
[0m  waiting for 
scheduled navigations 
to finish 
[38;5;45m+0ms[0m
  [38;5;45;1mpw:api 
[0m  navigations have 
finished 
[38;5;45m+2ms[0m
  [38;5;45;1mpw:api 
[0m<= page.click 
succeeded 
[38;5;45m+0ms[0m
  [38;5;45;1mpw:api 
[0m=> page.waitForURL 
started 
[38;5;45m+6ms[0m
  [38;5;45;1mpw:api 
[0m  navigated to "htt
p://localhost:3000/dash
board" 
[38;5;45m+991ms[0m
  [38;5;45;1mpw:api 
[0m<= page.waitForURL 
succeeded 
[38;5;45m+4ms[0m
  [38;5;45;1mpw:api 
[0m=> 
browserContext.close 
started 
[38;5;45m+12ms[0m
  [38;5;45;1mpw:api 
[0m<= 
browserContext.close 
succeeded 
[38;5;45m+26ms[0m
  Γ£ô  1 [chromium] ΓÇ║ tests\e2e\enterprise-flow.spec.ts:9:7 ΓÇ║ Enterprise Flow ΓÇ║ admin can log in and find their orgId (3.2s)
  [38;5;45;1mpw:api 
[0m=> 
browser.newContext 
started 
[38;5;45m+22ms[0m
  [38;5;45;1mpw:api 
[0m<= 
browser.newContext 
succeeded 
[38;5;45m+17ms[0m
  [38;5;45;1mpw:api 
[0m=> 
browserContext.newPage 
started 
[38;5;45m+3ms[0m
  [38;5;45;1mpw:api 
[0m<= 
browserContext.newPage 
succeeded 
[38;5;45m+75ms[0m
  [38;5;45;1mpw:api 
[0m=> 
apiRequest.newContext 
started 
[38;5;45m+2ms[0m
  [38;5;45;1mpw:api 
[0m<= 
apiRequest.newContext 
succeeded 
[38;5;45m+1ms[0m
  [38;5;45;1mpw:api 
[0m=> page.goto 
started 
[38;5;45m+3ms[0m
  [38;5;45;1mpw:api 
[0mnavigating to "http
://localhost:3000/login
", waiting until 
"load" 
[38;5;45m+1ms[0m
  [38;5;45;1mpw:api 
[0m  "commit" event 
fired 
[38;5;45m+59ms[0m
  [38;5;45;1mpw:api 
[0m  navigated to "htt
p://localhost:3000/logi
n" [38;5;45m+0ms[0m
  [38;5;45;1mpw:api 
[0m  
"domcontentloaded" 
event fired 
[38;5;45m+45ms[0m
  [38;5;45;1mpw:api 
[0m  "load" event 
fired 
[38;5;45m+285ms[0m
  [38;5;45;1mpw:api 
[0m<= page.goto 
succeeded 
[38;5;45m+1ms[0m
  [38;5;45;1mpw:api 
[0m=> page.fill 
started 
[38;5;45m+2ms[0m
  [38;5;45;1mpw:api 
[0mwaiting for locator
('input[type="email"]')
 [38;5;45m+1ms[0m
  [38;5;45;1mpw:api 
[0m  locator resolved 
to <input value="" 
type="email" 
class="input-field" 
autocomplete="email" pl
aceholder="you@example.
com"/> 
[38;5;45m+50ms[0m
  [38;5;45;1mpw:api 
[0m  navigated to "htt
p://localhost:3000/logi
n" [38;5;45m+5ms[0m
  [38;5;45;1mpw:api 
[0m  fill("admin@testo
rg.com") 
[38;5;45m+3ms[0m
  [38;5;45;1mpw:api 
[0mattempting fill 
action 
[38;5;45m+0ms[0m
  [38;5;45;1mpw:api 
[0m  waiting for 
element to be visible, 
enabled and editable 
[38;5;45m+1ms[0m
  [38;5;45;1mpw:api 
[0m<= page.fill 
succeeded 
[38;5;45m+38ms[0m
  [38;5;45;1mpw:api 
[0m=> page.fill 
started 
[38;5;45m+3ms[0m
  [38;5;45;1mpw:api 
[0mwaiting for locator
('input[type="password"
]') [38;5;45m+1ms[0m
  [38;5;45;1mpw:api 
[0m  locator resolved 
to <input value="" 
type="password" 
class="input-field" pla
ceholder="ΓÇóΓÇóΓÇóΓÇóΓ
ÇóΓÇóΓÇóΓÇó" autocomple
te="current-password"/>
 [38;5;45m+27ms[0m
  [38;5;45;1mpw:api 
[0m  
fill("password123") 
[38;5;45m+8ms[0m
  [38;5;45;1mpw:api 
[0mattempting fill 
action 
[38;5;45m+0ms[0m
  [38;5;45;1mpw:api 
[0m  waiting for 
element to be visible, 
enabled and editable 
[38;5;45m+0ms[0m
  [38;5;45;1mpw:api 
[0m<= page.fill 
succeeded 
[38;5;45m+17ms[0m
  [38;5;45;1mpw:api 
[0m=> page.click 
started 
[38;5;45m+4ms[0m
  [38;5;45;1mpw:api 
[0mwaiting for locator
('button[type="submit"]
') [38;5;45m+1ms[0m
  [38;5;45;1mpw:api 
[0m  locator resolved 
to <button 
type="submit" class="st
ar-border-container">ΓÇ
ª</button> 
[38;5;45m+18ms[0m
  [38;5;45;1mpw:api 
[0mattempting click 
action 
[38;5;45m+6ms[0m
  [38;5;45;1mpw:api 
[0m  waiting for 
element to be visible, 
enabled and stable 
[38;5;45m+1ms[0m
  [38;5;45;1mpw:api 
[0m  element is 
visible, enabled and 
stable 
[38;5;45m+29ms[0m
  [38;5;45;1mpw:api 
[0m  scrolling into 
view if needed 
[38;5;45m+0ms[0m
  [38;5;45;1mpw:api 
[0m  done scrolling 
[38;5;45m+5ms[0m
  [38;5;45;1mpw:api 
[0m  performing click 
action 
[38;5;45m+9ms[0m
  [38;5;45;1mpw:api 
[0m  click action 
done 
[38;5;45m+42ms[0m
  [38;5;45;1mpw:api 
[0m  waiting for 
scheduled navigations 
to finish 
[38;5;45m+0ms[0m
  [38;5;45;1mpw:api 
[0m  navigations have 
finished 
[38;5;45m+2ms[0m
  [38;5;45;1mpw:api 
[0m<= page.click 
succeeded 
[38;5;45m+0ms[0m
  [38;5;45;1mpw:api 
[0m=> page.waitForURL 
started 
[38;5;45m+3ms[0m
  [38;5;45;1mpw:api 
[0m  navigated to "htt
p://localhost:3000/dash
board" 
[38;5;45m+680ms[0m
  [38;5;45;1mpw:api 
[0m<= page.waitForURL 
succeeded 
[38;5;45m+2ms[0m
  [38;5;45;1mpw:api 
[0m=> 
browserContext.close 
started 
[38;5;45m+221ms[0m
  [38;5;45;1mpw:api 
[0m<= 
browserContext.close 
succeeded 
[38;5;45m+4ms[0m
  [38;5;45;1mpw:api 
[0m=> browser.close 
started 
[38;5;45m+12ms[0m
  [38;5;45;1mpw:api 
[0m<= browser.close 
succeeded 
[38;5;45m+713ms[0m
  Γ£ÿ  2 [chromium] ΓÇ║ tests\e2e\enterprise-flow.spec.ts:25:7 ΓÇ║ Enterprise Flow ΓÇ║ invite API works (1.7s)


  1) [chromium] ΓÇ║ tests\e2e\enterprise-flow.spec.ts:25:7 ΓÇ║ Enterprise Flow ΓÇ║ invite API works ΓöÇΓöÇΓöÇΓöÇΓöÇΓöÇ

    Error: ENOENT: no such file or directory, open 'C:\Users\sneha\OneDrive\Documents\safe path new\safepath\orgId.txt'

      37 |     // Actually, I'll just use the one from my previous seed run which I saw in the logs.
      38 |     // Read the actual orgId from the file generated by the seed script
    > 39 |     const realOrgId = require('fs').readFileSync('orgId.txt', 'utf8').trim()
         |                                     ^
      40 |     
      41 |     const inviteEmail = `test-${Date.now()}@example.com`
      42 |
        at C:\Users\sneha\OneDrive\Documents\safe path new\safepath\tests\e2e\enterprise-flow.spec.ts:39:37

    Error Context: test-results\enterprise-flow-Enterprise-Flow-invite-API-works-chromium\error-context.md

  1 failed
    [chromium] ΓÇ║ tests\e2e\enterprise-flow.spec.ts:25:7 ΓÇ║ Enterprise Flow ΓÇ║ invite API works ΓöÇΓöÇΓöÇΓöÇΓöÇΓöÇΓöÇ
  1 passed (8.7s)
